#-----------------------------------------------------------------------
#
# This software is named EOxServer, a server for Earth Observation data.
#
# Copyright (C) 2011 EOX IT Services GmbH
# Authors: Stephan Krause, Stephan Meissl
#
# This file is part of EOxServer <http://www.eoxserver.org>.
#
#    EOxServer is free software: you can redistribute it and/or modify
#    it under the terms of the GNU General Public License as published
#    by the Free Software Foundation, either version 3 of the License,
#    or (at your option) any later version.
#
#    EOxServer is distributed in the hope that it will be useful,
#    but WITHOUT ANY WARRANTY; without even the implied warranty of
#    MERCHANTABILITY or FITNESS FOR A PARTICULAR PURPOSE. See the
#    GNU General Public License for more details.
#
#    You should have received a copy of the GNU General Public License
#    along with EOxServer. If not, see <http://www.gnu.org/licenses/>.
#
#-----------------------------------------------------------------------

MAP
    IMAGECOLOR 0 0 0
   
#    CONFIG "MS_ERRORFILE" "stderr"

    WEB
        METADATA
            "ows_updatesequence"                "20110223T120000Z"
            "ows_title"                         "Test configuration of MapServer used to demonstrate EOxServer"
            "ows_abstract"                      "Test configuration of MapServer used to demonstrate EOxServer"
            "ows_service_onlineresource"        "http://www.eox.at"
            "ows_accessconstraints"             "None"
            "ows_fees"                          "None"
            "ows_addresstype"                   "postal"
            "ows_address"                       "Thurngasse 8/4"
            "ows_city"                          "Wien"
            "ows_stateorprovince"               "Vienna"
            "ows_postcode"                      "1090"
            "ows_country"                       "Austria"
            "ows_contactelectronicmailaddress"  "office@eox.at"
            "ows_contactperson"                 "Stephan Meissl"
            "ows_contactorganization"           "EOX IT Services GmbH - HG Wien - FN 312068z - UID ATU64265057"
            "ows_contactposition"               "Senior IT Consultant"
            "ows_contactvoicetelephone"         "Provided on request"
            "ows_contactfacsimiletelephone"     "None"
            "ows_hoursofservice"                "Mon - Fri 10:30 - 17:00 CET and CEST respectively excl. Austrian holidays"
            "ows_contactinstructions"           "E-mails are usually answered within 3 working days."
            "ows_role"                          "Service provider"
            "ows_keywordlist"                   "MERIS,Envisat"
            "wcs_keywordlist"                   "EO-WCS,WCS EO-AP,WCS 2.0,WCS,MERIS,Envisat"
            "ows_srs"                           "EPSG:4326 EPSG:3035 EPSG:900913"
            "wcs_formats"                       "GEOTIFF"
            "wcs_label"                         ""
            "wcs_name"                          ""
            "wcs_fees"                          "None"
            "ows_enable_request"                "*"
#            "ows_schemas_location"             "http://localhost/schemas"
        END
    END
END # MAP

