#-----------------------------------------------------------------------
# $Id$
#
# This software is named EOxServer, a server for Earth Observation data.
#
# Copyright (C) 2011 EOX IT Services GmbH
# Authors: Stephan Krause, Stephan Meissl
#
# This file is part of EOxServer <http://www.eoxserver.org>.
#
#    EOxServer is free software: you can redistribute it and/or modify
#    it under the terms of the GNU General Public License as published
#    by the Free Software Foundation, either version 3 of the License,
#    or (at your option) any later version.
#
#    EOxServer is distributed in the hope that it will be useful,
#    but WITHOUT ANY WARRANTY; without even the implied warranty of
#    MERCHANTABILITY or FITNESS FOR A PARTICULAR PURPOSE. See the
#    GNU General Public License for more details.
#
#    You should have received a copy of the GNU General Public License
#    along with EOxServer. If not, see <http://www.gnu.org/licenses/>.
#
#-----------------------------------------------------------------------

MAP
    IMAGECOLOR 0 0 0
   
#    CONFIG "MS_ERRORFILE" "stderr"

    WEB
        METADATA
            "ows_updatesequence"                "20110529T133000Z"
            "wcs_title"                         "Test configuration of MapServer used to demonstrate EOxServer"
            "wcs_abstract"                      "Test configuration of MapServer used to demonstrate EOxServer"
            "ows_service_onlineresource"        "http://localhost:8000/ows?"
            "ows_accessconstraints"             "None"
            "ows_fees"                          "None"
            "ows_addresstype"                   "postal"
            "ows_address"                       "<ADDRESS>"
            "ows_city"                          "<CITY>"
            "ows_stateorprovince"               "<STATEORPROVINCE>"
            "ows_postcode"                      "<POSTCODE>"
            "ows_country"                       "<COUNTRY>"
            "ows_contactelectronicmailaddress"  "<CONTACTELECTRONICMAILADDRESS>"
            "ows_contactperson"                 "<CONTACTPERSON>"
            "ows_contactorganization"           "<CONTACTORGANIZATION>"
            "ows_contactposition"               "<CONTACTPOSITION>"
            "ows_contactvoicetelephone"         "<CONTACTVOICETELEPHONE>"
            "ows_contactfacsimiletelephone"     "<CONTACTFACSIMILETELEPHONE>"
            "ows_hoursofservice"                "<HOURSOFSERVICE>"
            "ows_contactinstructions"           "<CONTACTINSTRUCTIONS>"
            "ows_role"                          "<ROLE>"
            "ows_keywordlist"                   "<KEYWORDLIST>"
            "wcs_keywordlist"                   "<KEYWORDLIST>"
            "ows_srs"                           ""
            "wcs_formats"                       "GEOTIFF"
            "wcs_label"                         ""
            "wcs_name"                          ""
            "wcs_fees"                          "None"
            "ows_enable_request"                "*"
#            "ows_schemas_location"             "http://localhost/schemas"
        END
    END
END # MAP
